N_POLYGONS 108
B_POLYGON 1
facet 199
facet 166
facet 185
facet 169
facet 167
facet 83
facet 57
facet 193
facet 186
facet 76
facet 152
facet 157
facet 124
facet 35
facet 191
facet 49
facet 27
facet 110
facet 176
facet 65
facet 156
facet 121
facet 22
facet 15
facet 134
facet 196
facet 130
facet 17
facet 150
facet 174
facet 163
facet 111
facet 173
facet 133
facet 112
facet 181
facet 26
facet 138
facet 131
facet 115
facet 66
facet 4
facet 198
facet 137
facet 86
facet 50
facet 119
facet 183
facet 142
facet 92
facet 36
facet 126
facet 129
facet 118
facet 55
facet 21
facet 154
facet 42
facet 9
facet 52
facet 190
facet 77
facet 47
facet 11
facet 135
facet 88
facet 89
facet 33
facet 160
facet 153
facet 39
facet 2
facet 46
facet 58
facet 187
facet 3
facet 30
facet 197
facet 62
facet 147
facet 116
facet 175
facet 165
facet 192
facet 104
facet 61
facet 44
facet 29
facet 114
facet 63
facet 180
facet 178
facet 93
facet 59
facet 79
facet 162
facet 85
facet 127
facet 56
facet 73
facet 117
facet 82
facet 41
facet 5
facet 122
facet 16
facet 71
facet 37
facet 87
facet 51
facet 177
facet 8
facet 140
facet 20
facet 90
facet 200
facet 143
facet 32
facet 18
facet 25
facet 12
facet 148
facet 139
facet 109
facet 78
facet 172
facet 144
facet 96
facet 74
facet 14
facet 145
facet 97
facet 6
facet 151
facet 60
facet 24
facet 23
facet 168
facet 81
facet 171
facet 68
facet 170
E_POLYGON 1
B_POLYGON 2
facet 166
E_POLYGON 2
B_POLYGON 3
facet 169
E_POLYGON 3
B_POLYGON 4
facet 167
E_POLYGON 4
B_POLYGON 5
facet 156
E_POLYGON 5
B_POLYGON 6
facet 185
facet 83
facet 27
facet 157
facet 191
facet 65
facet 150
facet 193
facet 186
facet 110
facet 22
facet 124
facet 163
facet 76
facet 35
facet 66
facet 92
facet 119
facet 115
facet 86
facet 118
facet 129
facet 42
E_POLYGON 6
B_POLYGON 7
facet 134
facet 130
E_POLYGON 7
B_POLYGON 8
facet 133
facet 131
E_POLYGON 8
B_POLYGON 9
facet 142
E_POLYGON 9
B_POLYGON 10
facet 137
facet 50
E_POLYGON 10
B_POLYGON 11
facet 126
facet 154
facet 135
facet 39
facet 160
facet 183
facet 55
facet 190
facet 62
facet 33
facet 47
facet 192
facet 30
facet 46
facet 147
facet 116
facet 187
facet 104
facet 44
facet 165
facet 11
facet 61
facet 29
facet 63
facet 93
facet 114
facet 79
facet 73
facet 85
facet 117
facet 127
facet 41
E_POLYGON 11
B_POLYGON 12
facet 14
facet 162
facet 109
facet 140
facet 18
facet 96
facet 122
facet 97
facet 82
facet 74
facet 25
facet 71
E_POLYGON 12
B_POLYGON 13
facet 143
E_POLYGON 13
B_POLYGON 14
facet 144
E_POLYGON 14
B_POLYGON 15
facet 145
E_POLYGON 15
B_POLYGON 16
facet 139
facet 32
E_POLYGON 16
B_POLYGON 17
facet 170
E_POLYGON 17
B_POLYGON 18
facet 171
E_POLYGON 18
B_POLYGON 19
facet 168
E_POLYGON 19
B_POLYGON 20
facet 83
E_POLYGON 20
B_POLYGON 21
facet 191
E_POLYGON 21
B_POLYGON 22
facet 65
E_POLYGON 22
B_POLYGON 23
facet 186
E_POLYGON 23
B_POLYGON 24
facet 110
facet 22
facet 35
E_POLYGON 24
B_POLYGON 25
facet 193
E_POLYGON 25
B_POLYGON 26
facet 115
E_POLYGON 26
B_POLYGON 27
facet 66
E_POLYGON 27
B_POLYGON 28
facet 135
E_POLYGON 28
B_POLYGON 29
facet 190
facet 47
facet 33
E_POLYGON 29
B_POLYGON 30
facet 62
E_POLYGON 30
B_POLYGON 31
facet 187
E_POLYGON 31
B_POLYGON 32
facet 104
facet 44
facet 29
E_POLYGON 32
B_POLYGON 33
facet 192
E_POLYGON 33
B_POLYGON 34
facet 159
E_POLYGON 34
B_POLYGON 35
facet 158
E_POLYGON 35
B_POLYGON 36
facet 109
facet 18
E_POLYGON 36
B_POLYGON 37
facet 71
facet 25
E_POLYGON 37
B_POLYGON 38
facet 114
E_POLYGON 38
B_POLYGON 39
facet 63
E_POLYGON 39
B_POLYGON 40
facet 73
E_POLYGON 40
B_POLYGON 41
facet 136
E_POLYGON 41
B_POLYGON 42
facet 189
facet 34
facet 48
E_POLYGON 42
B_POLYGON 43
facet 67
E_POLYGON 43
B_POLYGON 44
facet 105
facet 28
facet 38
E_POLYGON 44
B_POLYGON 45
facet 188
E_POLYGON 45
B_POLYGON 46
facet 194
E_POLYGON 46
B_POLYGON 47
facet 99
E_POLYGON 47
B_POLYGON 48
facet 98
E_POLYGON 48
B_POLYGON 49
facet 91
facet 102
E_POLYGON 49
B_POLYGON 50
facet 113
E_POLYGON 50
B_POLYGON 51
facet 84
facet 103
E_POLYGON 51
B_POLYGON 52
facet 108
facet 19
E_POLYGON 52
B_POLYGON 53
facet 64
E_POLYGON 53
B_POLYGON 54
facet 72
E_POLYGON 54
B_POLYGON 55
facet 199
facet 166
facet 169
facet 167
facet 27
facet 76
facet 35
E_POLYGON 55
B_POLYGON 56
facet 166
E_POLYGON 56
B_POLYGON 57
facet 169
E_POLYGON 57
B_POLYGON 58
facet 167
E_POLYGON 58
B_POLYGON 59
facet 70
E_POLYGON 59
B_POLYGON 60
facet 157
facet 65
facet 49
facet 22
E_POLYGON 60
B_POLYGON 61
facet 191
facet 150
facet 198
facet 132
facet 149
facet 159
facet 147
facet 190
facet 55
facet 143
facet 32
facet 146
facet 189
facet 53
E_POLYGON 61
B_POLYGON 62
facet 121
E_POLYGON 62
B_POLYGON 63
facet 130
facet 111
E_POLYGON 63
B_POLYGON 64
facet 131
facet 112
E_POLYGON 64
B_POLYGON 65
facet 186
E_POLYGON 65
B_POLYGON 66
facet 193
E_POLYGON 66
B_POLYGON 67
facet 138
facet 50
E_POLYGON 67
B_POLYGON 68
facet 196
facet 163
facet 66
facet 115
facet 119
facet 118
facet 129
facet 42
facet 126
facet 39
facet 61
facet 29
facet 11
facet 46
E_POLYGON 68
B_POLYGON 69
facet 118
E_POLYGON 69
B_POLYGON 70
facet 119
E_POLYGON 70
B_POLYGON 71
facet 129
E_POLYGON 71
B_POLYGON 72
facet 94
E_POLYGON 72
B_POLYGON 73
facet 95
E_POLYGON 73
B_POLYGON 74
facet 92
facet 88
E_POLYGON 74
B_POLYGON 75
facet 106
E_POLYGON 75
B_POLYGON 76
facet 86
facet 89
E_POLYGON 76
B_POLYGON 77
facet 68
E_POLYGON 77
B_POLYGON 78
facet 182
facet 158
facet 177
facet 141
facet 51
E_POLYGON 78
B_POLYGON 79
facet 52
facet 160
facet 62
facet 58
facet 44
E_POLYGON 79
B_POLYGON 80
facet 187
E_POLYGON 80
B_POLYGON 81
facet 192
E_POLYGON 81
B_POLYGON 82
facet 200
facet 140
facet 18
facet 14
facet 145
facet 168
facet 171
facet 170
facet 164
facet 80
facet 72
facet 113
facet 64
facet 128
facet 120
facet 43
facet 179
facet 31
facet 102
facet 103
facet 13
facet 19
facet 197
facet 7
facet 125
facet 75
facet 165
facet 38
facet 127
facet 41
facet 117
facet 79
facet 40
facet 73
facet 63
facet 114
facet 30
facet 10
facet 45
E_POLYGON 82
B_POLYGON 83
facet 117
E_POLYGON 83
B_POLYGON 84
facet 79
facet 73
E_POLYGON 84
B_POLYGON 85
facet 127
E_POLYGON 85
B_POLYGON 86
facet 145
E_POLYGON 86
B_POLYGON 87
facet 120
E_POLYGON 87
B_POLYGON 88
facet 80
facet 72
E_POLYGON 88
B_POLYGON 89
facet 128
E_POLYGON 89
B_POLYGON 90
facet 170
E_POLYGON 90
B_POLYGON 91
facet 171
E_POLYGON 91
B_POLYGON 92
facet 168
E_POLYGON 92
B_POLYGON 93
facet 59
facet 82
facet 71
E_POLYGON 93
B_POLYGON 94
facet 16
facet 122
E_POLYGON 94
B_POLYGON 95
facet 96
E_POLYGON 95
B_POLYGON 96
facet 97
E_POLYGON 96
B_POLYGON 97
facet 74
E_POLYGON 97
B_POLYGON 98
facet 101
E_POLYGON 98
B_POLYGON 99
facet 100
E_POLYGON 99
B_POLYGON 100
facet 93
facet 87
E_POLYGON 100
B_POLYGON 101
facet 107
facet 20
E_POLYGON 101
B_POLYGON 102
facet 85
facet 90
E_POLYGON 102
B_POLYGON 103
facet 60
facet 161
facet 67
facet 23
facet 28
E_POLYGON 103
B_POLYGON 104
facet 188
E_POLYGON 104
B_POLYGON 105
facet 194
E_POLYGON 105
B_POLYGON 106
facet 69
E_POLYGON 106
B_POLYGON 107
facet 195
facet 199
facet 166
facet 167
facet 169
facet 185
facet 176
facet 156
facet 15
facet 121
facet 191
facet 83
facet 134
facet 57
facet 193
facet 186
facet 76
facet 152
facet 157
facet 130
facet 124
facet 17
facet 35
facet 49
facet 27
facet 110
facet 111
facet 133
facet 112
facet 65
facet 26
facet 196
facet 131
facet 150
facet 174
facet 22
facet 163
facet 173
facet 95
facet 138
facet 106
facet 183
facet 94
facet 100
facet 197
facet 115
facet 3
facet 107
facet 187
facet 137
facet 142
facet 181
facet 101
facet 184
facet 200
facet 198
facet 2
facet 12
facet 98
facet 66
facet 188
facet 108
facet 13
facet 50
facet 99
facet 192
facet 119
facet 4
facet 180
facet 179
facet 70
facet 194
facet 86
facet 89
facet 20
facet 103
facet 36
facet 126
facet 90
facet 92
facet 88
facet 85
facet 125
facet 19
facet 154
facet 87
facet 102
facet 118
facet 55
facet 21
facet 155
facet 84
facet 141
facet 129
facet 9
facet 52
facet 5
facet 42
facet 190
facet 68
facet 77
facet 132
facet 182
facet 177
facet 47
facet 11
facet 7
facet 170
facet 160
facet 33
facet 135
facet 91
facet 81
facet 93
facet 136
facet 104
facet 61
facet 69
facet 153
facet 29
facet 178
facet 46
facet 58
facet 39
facet 56
facet 158
facet 75
facet 161
facet 30
facet 51
facet 105
facet 116
facet 62
facet 172
facet 149
facet 38
facet 162
facet 54
facet 151
facet 123
facet 165
facet 139
facet 147
facet 159
facet 67
facet 164
facet 97
facet 175
facet 171
facet 63
facet 53
facet 43
facet 128
facet 44
facet 96
facet 144
facet 145
facet 127
facet 41
facet 120
facet 32
facet 23
facet 189
facet 109
facet 117
facet 64
facet 168
facet 14
facet 146
facet 78
facet 31
facet 114
facet 28
facet 34
facet 79
facet 140
facet 40
facet 60
facet 48
facet 80
facet 143
facet 73
facet 148
facet 24
facet 37
facet 72
facet 74
facet 6
facet 18
facet 59
facet 113
facet 45
facet 71
facet 82
facet 122
facet 16
facet 10
facet 8
facet 25
E_POLYGON 107
B_POLYGON 108
facet 201
facet 195
facet 197
facet 200
facet 199
facet 196
facet 100
facet 184
facet 13
facet 185
facet 183
facet 107
facet 98
facet 108
facet 179
facet 95
facet 101
facet 188
facet 170
facet 106
facet 186
facet 166
facet 187
facet 12
facet 99
facet 103
facet 168
facet 69
facet 94
facet 70
facet 167
facet 3
facet 141
facet 171
facet 169
facet 194
facet 19
facet 102
facet 2
facet 193
facet 180
facet 84
facet 176
facet 68
facet 177
facet 192
facet 20
facet 181
facet 156
facet 81
facet 182
facet 90
facet 172
facet 26
facet 17
facet 15
facet 85
facet 125
facet 164
facet 178
facet 142
facet 87
facet 91
facet 198
facet 89
facet 174
facet 126
facet 155
facet 43
facet 128
facet 86
facet 139
facet 83
facet 120
facet 88
facet 162
facet 158
facet 154
facet 5
facet 7
facet 146
facet 121
facet 191
facet 76
facet 152
facet 80
facet 4
facet 134
facet 144
facet 145
facet 97
facet 57
facet 124
facet 189
facet 32
facet 175
facet 132
facet 173
facet 157
facet 35
facet 110
facet 72
facet 130
facet 96
facet 133
facet 160
facet 93
facet 136
facet 75
facet 161
facet 56
facet 150
facet 49
facet 27
facet 135
facet 105
facet 109
facet 51
facet 137
facet 131
facet 104
facet 61
facet 38
facet 92
facet 111
facet 14
facet 149
facet 29
facet 151
facet 123
facet 113
facet 112
facet 143
facet 54
facet 11
facet 65
facet 67
facet 64
facet 163
facet 148
facet 159
facet 22
facet 116
facet 62
facet 48
facet 74
facet 6
facet 140
facet 190
facet 9
facet 153
facet 55
facet 53
facet 66
facet 46
facet 47
facet 165
facet 31
facet 45
facet 18
facet 58
facet 23
facet 50
facet 138
facet 63
facet 127
facet 41
facet 71
facet 36
facet 44
facet 33
facet 30
facet 78
facet 42
facet 117
facet 28
facet 34
facet 129
facet 119
facet 10
facet 122
facet 77
facet 60
facet 115
facet 147
facet 52
facet 118
facet 8
facet 25
facet 40
facet 79
facet 24
facet 37
facet 16
facet 39
facet 21
facet 114
facet 82
facet 73
facet 59
E_POLYGON 108
